she is married with the scenographer david schwab and has a daughter anna
it is in competition at the international documentary festival visioni dal mondo
peters has participated in the t v show treme which has also been created by simon
the chief town was rometta
each key is connected to its own magnet though an electric cable
why did miss may bigland have wanted him to attend the tragic epilogue of that event
it is very useful for newborn babies because the were born from water therefore they are very familiar with swimming
they were then also used in castel rough del vallo antonino in great britain
if you don't calm down i will push you out of here
deeply shaken by the worsening of the situation and the surge of deadly fights
in southern italy where they speak about the problems in compliance of the law
in some areas the interviewed speak a campidanese sardinian dialect
rizzatti the grasslands of the sea bed are not a phenomena exclusive to the central atlantic ocean
maynard studied at the oyster river school district and at the philips exeter academy
the remaining percent according to the census is composed of mixed races
the fugitive
feeling curious he picks them up and place them in his backpack taking them home
during the month of september i found myself guiding the polish catholic mission
a guide on the tone of voice to be used on the websites of the public administration according to the activities and needs of the citizen
their relics are now in moscow stored in donskoy monastery
it's part of the pacific air forces and responds to the pacific command
maria is able to break free but he starts chasing her down heading towards the balcony of the gothic cathedral
therefore anyone who wanted to fraudulently get hold of those can be enabled using the service
particularly active has been the new witness curated by cecil chesterton
the duel caused great commotion on the press all over the world
the development times are programmed depending on the market needs
he considered it incautious to leave that girl in dangerous even if she had asked it
what was the catastrophe that as miss bigland told him they had to prevent
not all file systems need a storage device
brandon dean
it houses four balls in a f major chord
moreover during the last quarter of the century the wheat harvests began to run low
as soon as they had dinner the cousins went to the lawyer
a facade is usually organized into windows and portals
characterized by a design that makes them similar to all the hifi systems or to video recorders
guglielmo nearly avoided disaster by submitting to the king of france
married to the producer riccardo billi
the judges in charge of the competitors give information to the competitors themselves
those who are part of the cultural scene know it well
you want to help but you don't know where to start
rosario spatola
that divided the citadel from the rest of the city
he forced us to do it so to spite him we did a very bad job of it
the municipality of medea does not have any district
often challenging objectives are measured inadequately
they never married and had a brother hugh
punk music was played and heard for the first times at that venue
we resided in this half
he shrugged his shoulders
he is a sunnite islamic and graduated in medicine from the university of damascus
after the second world war renato giunti took on his editorial activity at marzocco
he wouldn't have gone to meaux that's all
he is buried in washington in the rock creek cemetery
the facade is characterized by a vast portal surmounted by a large rose window
his works mostly concerned monumental landscapes
and he started to push him with an hand on his chest
everyone could keep track of the tasks done and to do through their own profiles
nesbitt was then hired by general motors as chevrolet's head of design
his father bought a house in pistoia and they moved there
horrified by the violence of the scene he could only wait for the arrival of the police
it has a great religious importance the parish church consecrated to saint andrea
this fish is oviparous it lays eggs on the bottom
but von richter is also planning to eliminate it before it falls into english hands
panzer division to use it in defense of prussia and pomerania
he was waiting for a woman
true may reviews have been checked by production company
the vehicle was also commercialized with the name rekord
the sheffield wednesday won for the first time
the county seat is rock rapids
in the following two years he participated in different festivals of montréal
cannara was direct ownership of roman pope
our eyes have the possibility to rest on elaborate images processed to capture
the next day a same kind of event scattered the ranks which were ready to battle again
he should have had an accomplice inside the house and then what was the point for someone to come from outside
the minnesota north stars appointed the u s central brian lawton as their first choice
won the independent riders ranking five times
so that now you are able to explain all the developments
he has an old sport passion for inter milan
that's important to make the flight lighter
the character realizes the power he is subjected to he does not accept it he tries to free himself
he had a similar one and had surpassed it faster
angiolo del lungo
he received the rank of counsellor
turn something upside down
of the old settlement only the taccone tower remains as evidence
currently acciaierie valbruna has three factories in vicenza bolzano and fort wayne
their second album everyday was recorded the following year
in that case you should get to know people and things and i can only hope that you have a apply a certain discretion not always found in people
being nessus' shirt
during the night she is woken up by the guards if she is not completely on sight
the woman wants the truth about her daughter's suicide and the harassment she received
the three americans do not exceed the eight meters in qualification
it was the time of the second spanish republic and of the asturias revolt
when there are a thousand meters left they start to show signs of fatigue
once his memory is back shen finds a way to leave the village
for this purpose an ethyl alcohol based solution is more effective
the valve trombone and its cylinder predecessor has been used a lot
i can not think because of the whirlwind of thoughts in my head
tails meanwhile has identified another one in the near volcano
it is an american western movie with barry sullivan marjorie reynolds and broderick crawford
because laura didn't want you
him being exhausted gregor falls asleep
the locomotives were used in the traction of the passenger trains on sicily's main lines
in the other two seasons he proves to be a good goalkeeper for barcelona
relics of the blessed are also preserved at the st michael's cathedral in veszprém
when it comes to piano the final sections are deemed extremely demanding from a technical standpoint
subsequently they understand they made a mistake and start to consider them as friends forming a tight bond especially with will
at the end of the competition rachel smith arrived in fifth position
innocenzo continued singing
the body looks squeezed from the sides and quite elongated
he joined the fiorentina the following season but didn't play any match
people who want part of mozilla italian community to become
aiming most of all on the sales and the assistance to companies with the line enterprise linux
in the same year the ship was modified to operate hot air balloons
to each one his merit
it was rectangular below but the upper edge protruded upward and bent
he quits after a season with the gialloblu
some years after the birth of oleg the family moves to moscow
normally other crimes are of national competence
the open source software has no virus
in this class only xavier siméon participates on moriwaki with the wildcard status
they then came near and the popstar asking him for a dance
the pope did not appoint a successor and the role remained vacant
at the end of the tournament he turned out to be a runner up
the church provides an important example of french baroque architecture
fountain city
the cradle of a primal civilization
but then it was destroyed
that the coach taught me
it is very easy to implement the functionalities that we saw
during fascist times every city had to have its own via roma
the rated of the german press were various from terrible to good
the use of an open source software allows the total reduction of the costs of license of the software itself
basically it was a simple legionary miles latin for soldier
the grapevine will be in full vegetative growth showing underdeveloped branches
he is considered one of the precursors of the baroque style
it's currently part of the order of malta
to the rescue of the girls comes a mysterious man with a black tabard
he is right so far
the battalion continued its evolution serving the house of savoy and becoming later regiment
the adventures of tintin
the common assembly had advisory functions and gathered the parliamentary representatives of the member states
a journal o d polish jewish studies the only academic publication entirely dedicated to the polish jewish history
a poem by carlo invernizzi
in the meantime prince was engaged in a european tour
the have evolved starting from small mammals similar to spider rats and they start living on the trees
subsequently carbon was abandoned because it was more expensive than extraction and less manageable
only a few didn't really get married
vacuum the carpet a little it is filthy
martin said that to his speaker from paris
two different counties go by this same name
this is what they said from time to time
i only wish that the lady could see her and recognize her
it is released in italy by giangiacomo feltrinelli editore
sasori goes back to the night club and stabs tetsuo to death accusing him of cheating
during world war one it even hosted a hospital
i was wondering when you would have called because i wanted to talk to you
many waterfalls can be found in the region
as you make your bed now you must lie on it
to be mozilla volunteer is not only programming
in his hands he carries the pastoral stick and the monastic rule book
there are some remains of an amphitheater and some houses
it's in english language without italian subtitles
it's characterized by the inflammation of the mucosa and the skin
the history of garibaldi street is as ancient as the city itself
at the top there is a small tower bell
to strip someone's skin off
macready and cooper arrived at the norwegian base finding it deserted and partially destroyed
it is found in mali somalia and namibia
he came in wearing a hat and sitting in front of him
in twelve books
a celebration of love
local economy is mostly based on milk's production and processing
she was named in honor of henry clay famous american statesman
many of these paintings are attributed to giangiacomo lampugnani
melchior louis pierre and jeanne were born after prosper
it is the era in which we live and it is also called the quaternary era
only at the roxy
a step coming from the ladder outside was heard
a beautiful model collapses and dies of heart attack during a photo shoot
but i don't know if i can go because i am waiting for a man
they met the patient a young man who wanted to see his mother before dying
he went to the bedroom
a famous trumpet player was gottfried reiche
the game also has a versus mode
the deadline will be on the third friday of the month
the film has been entirely shot in black and white and in french language
early in the game the player has apples and bananas available
the measurement phase is used to quantify the results obtained by the administration as a whole
the meat dishes are mainly based on veal and beef
it included the so called state of giffoni
the spread of information technology has had a huge impact on modern society
it is not distributed anymore and so it is sought after by collectors and aficionados
tall blond dutch
some uncovered ramps were giving access to the rails
mary at this point decides to stay with the man she loves too
in the meantime anthony still toured canada extensively for some time
it is as such for philip and his cousins who went over to salomone
recently they hold workshops in germany in switzerland in austria and in spain
the community is something big
at a local level all us mozilla volunteers in cagliari have decided to carry out workshops
de vincenzi didn't laugh nor smile
it's located in the central matteotti square in the stampace neighborhood
in contacts section
the youngest standard bearer of the delegation the twenty six years old fencer jean charles seneca
the japanese occupants of shanghai considered german jews as stateless persons
do you smell it
a gipsy meditates revenge against a judge that sent her to jail
here he has done some charity work for the auerbach population
in electronics or better in physics there are the airwaves
maybe it has something to do with what you did before
they can have the same communication functionalities
they lifted their head
he who knows does and he who doesn't know teaches
all matches took place at the southern plains stadium of manila capital of the philippines
culture and entertainment should be free
the film is set in venice during fascism
he is skillful with both feet and he often provides assist to the teammates
he interpreted in fact many characters in t v shows
the name comes from the italianization of a literary surname of french origin
the southern eared seals are extremely sensitive to tickling
fortitudo fabrianese imola and tolentino were demoted to the amateur league
and a committee of experts
the drug is contraindicated for patients with known hypersensitivity to the active substance
that header was considered a new guinness world record
also the older one who arrives accompanied by his french wife
the couple breaks out and the marriage is cancelled
the immediate vision of their passions of their life as it is
the song explains what do girls go through in order to be pretty
the dual polyhedron of the big star shaped dodecahedron is the big icosahedron
their letters are now in stuttgart's main government archive
it was an uncontrolled spread which unfortunately caused a legitimate exasperation in the artist originated from palermo
being annoyed by something
he was a member of the national research council
bennet resigned the following year to join the army
the selection process included academical tests suitability assessments and various interviews
in the fireplace he saw a teacup from which someone had drunk
he founded the stanford graphic novel project
in the laboratories the high number of students made the normal activity quite difficult
it is also to their initiative that they owe the foundation of mielina project
the region is mainly flat with a lot of lakes and forests
the pronotum is thin and lengthened paws are very long and thin
they also buy and conserve other materials such as newspapers magazines and audiovisuals
anna olsson
some clashes to which they took part took place in the netherlands and in france
spend the money before you have it
a timid sun started to show through the clouds while mongoose was raving almost senseless in his car
he died in his house killed by a stray bullet
the aforementioned authorities can have specific denominations such as council committee commission assembly board
for years he performed the duties of defender of the commitment in the regional ecclesiastical courthouse
lastly another dedication to charles this one in elegiac couplets can be found in the vat
before going to cambridge university fry studied at clifton college
those were the mountains an inhospitable uninhabitable and without any chance of future and survival place
i had unduly taken some of them
the state house was originally known as the government palace
the messages exchanged between congressmen and senators in parliament were also defined in this way
beyond the expenses to meet for the possible employment of specialized systems
a clue he appears in a good shape
myles patrick
the download is free and it includes the game the arabian nights
it is usually registered in special places
the criminals kill his brother dan causing a violent reaction from ross
it's a district labeled as indigenous mountain district
that jesus christ invoked with fervent prayer from the celestial father right before his sacrifice
but the hospitality of napoleon was so that truth to be told it did not instill any courage in robert fulton
they are dangerous for navigation too
it takes place in uijeongbu si gyeonggi do
i hate complaints that aren't constructive
be careful not to fall
to remove
it produces red and yellow flowers during summer
ideal position for fast swimming
during their career they took part in four editions of the world championships winning two medals
the crew's open cockpits were places in the upper part of this section
we return to the opening scene where britney spears realizes she was dreaming
at that point in fact he got the inspiration for the text of the song
paolo hurtado
now the poor man
since then human suffering became his only photographic interest
even if technology became part of our daily life
very early he moved to siena
some of his writings have not been published yet
this conflict provokes a comparison between me and infinite others who i cannot nullify
it represents an important zoonosis
we can say that the first one can do their usual job without problems with both suites
for multivalent ions the ionic strength is greater than the concentration
on the mountains there are the biggest summer skiing structures of france
and his wife
to not go down on someone
rolling your hand on the external coronary plane
this way the maluku islands will be discovered
mapuches were divided in different groups according to the territory they occupied
its capital city was belley
it is very easy to confuse it with a very small domesticated cat
a random variable that has density is called continuous random variable
from the waves at a great distance from the piers
the name initially chosen for the newly formed club was nacional football club
the solution is spacex the company that produces recyclable flares
other prestigious guests have been in recent times thomas moore and lord byron
the clipper have been built in the english dutch french and american construction sites
the luggage of john vehrehan consisted as he said in two bags
the name chartreuse derives from a french liquor
by meeting the communities it's possible to improve the english language
proceeding a kidney has been taken from a calf divided in two
in the same period the united states unleash hollywood's power for the purposes of propaganda
it was the language spoken by the numenor men during the second era
to remove
melons vegetables wine and cattle are the main agricultural products
they support the need of a federal solution to the cyprus dispute
a backstroke swimmer can perform a single front crawl stroke in a prone position
the piece ranked the eighteenth position out of twenty songs
innovation technology broadband and ultra wideband
differently from other sauces the food is dipped in this
not even a yell a gesture welcomed that assassin
it stands out on a national level and it has little competition
and he bend down
the mentor should be available to requests never grumpy and always kind
empirical research has been carried out in public secondary schools
who else was there with him
he was forgiven and he later on died of disease in kanazawa in the province of kaga
mauro pagani fabrizio de andre's co author took part in the closing ceremony
as well as a description of the main elements of the metadata profile with their own properties
when he saw the black mass of the almond tree overlooking the road
the romance wins the prize for tuscan writer of the year
out of this total a quarter comes from donations
dan graham
the reproduction in fish tank is not difficult but the temperature of the water needs to be lowered
it's a suggestion
initially aphrodite is not directly involved in the conflict contended himself to protect the twelfth house
having been left alone the watchmaker also hastened his pace
and at the same time they are led to behave with almost a reverence toward nature
in the book the magnificence and its double
today the book is located at the estense library in modena
a literal can be of two kinds positive or negative
at the same time he was also elected member of the italian delegation to the e u
it is a species partially fossorial
but it should not be subjected to a payment
he laughed about his successful rhyme but emanuele did not stop
and here comes the sound of boots in the esplanade
bitossi managed in the photo finish to maintain the second place before the french guy guimard
through the doorway you reach the characteristic quadrangular internal cloister
egyptians recommended it to get to sleep too
daniel anibal hernandez
soon fabiano abandoned rhetoric in favor of philosophy
situations in which the training of employees has to be specialized to make the cost fundamental
unrecognized groups are generally allowed to worship in private
since he is friendly he is loved by anyone except his wife
during the stockholm council the council tried to have her participate
as a rule the participation was every other week
and vladimir curti bo bowed gravely to then proceed with his quick tiny steps to the table
the photograph depicts in the foreground the real chair placed on the floor
to let them dry
the tail on the other hand was very long and flexible
justice is served
finally escamillo put down the open bottle on the tray and went away solemnly
several cauldrons scattered around the labyrinth allow you to get your energy back
to be behind
beck responded with a grunt and vatel quickly left without even saying goodbye
the two sisters received their singing education from antonio salieri
this looks very peculiar to the two of them who know too many things that do not go well about italy
and particularly from some wandering stars into them
here josh is trained in fire magic
this theme includes all that concerns the development of society
that t v series is interesting but it never ends
animal farm tells the story of some animals which live on a farm
via group workshop sessions
he's now retired
he would stand there laughing
on both castle's doors there used the be the habsburg imperial coat
the locality is situated on the portuguese way's historical route towards saint james of compostela
the secretary round like a spinning top
to remove
in this circumstance as well the famous speaker talks about himself
the kamo jinja has the function of protecting kyoto from vicious influences
the study plan included scientific and technological subjects
for their way of being it was naturally possible that vehrehan and may bigland would have followed osman mascali
the aforementioned state can be interrupted several times mainly to get food
the thunderbird system was a decent export success
texts by charlie smalls music by quincy jones
robert carson
akira amano
modification of freestyle swimming
some species have pseudo bulbs and leaf stems
the show ends with every actor going on the stage to get applause
its interior is of doric order and has a beautiful baroque facade
once the emergency conditions ended the normal constitutional government was restored
also the citta di vicenza trofeo banca popolare di vicenza is considered as a tennis international game
the car body is very similar to the one of the classic mini
the process with ordinary authority became unique
after a couple of hours roughly the telephone rang
on the threshold of his thirtieth year mitch goes to rent his place in a campus
the new stadium is used both as a soccer field and a concert arena
there will also be games that will be completely controlled by pupils
from the spanish grand prix a single car was deployed entrusted to the irish pilot
good like that stopped
he dealt with various reforestation benefiting the wood industry
at the time in the government of the nation
he was previously interior minister of libya and the special forces commander
every minute is precious
he also became president of the administrative board of the edinburgh fringe festival
every month he posts a report in his website
ryan pursued concepts of advanced drones
all tracks have been written by martin lee gore
to go all in
object of savoy's expansionist aims he declared his loyalty to the monferrato
journalists and curious minds enter the country illegally
to remove
but as in any respectable fairy tale after a while these characters actually come out of the book and become real
then he gets back to his nomad life
in case of need he can be employed as defensive midfielder
he was obsessed by the desire of seeing her and to be seen in the sunlight
equivalently it maximizes the posterior expectation of a utility function
this conformation lets the shark eat other sharks rays fish seals and carrions
the message will be notified as soon as the device will first connect to the network
beat the drum
the city of pazzano also wants to realize a museum of mining culture
interpretative plaques indicate the ruins of the previous lighthouses
the administrative organization in ancient egypt was very prolonged very bureaucratic and basically very complex
but they were the furniture of that room
the event was organized by mali and was won by camerun
maybe you will be shown mercy
almost totally rocky and of a sheer cliff drop
a critic from the demonstration appointed brian the unofficial king of the festival
archeological excavations show the existence of settlements which date back to the bronze age
breakbeat was born in the late eighties within the context of afro music
talk about it instead of ignoring the argument
to not be found pin flees and looks for his gun
this awakening was first felt among the academic and liberal environments
from that moment he always had feelings for akito his childhood friend
it is considered as the band's biggest success
a very astonished look was painted on the face of the doctor
then they both walked down the external staircase
to remove
to be a mozilla volunteer is not only programming
science studies every phenomenon but it will be never understand the reason why that cell exists
while dalmor hid himself among a group of young assistants of the embassy of aglaas seated next to his friend turyn
de vincenzi came back to the chair and opened a drawer
inside the palace houses halls decorated with frescos and stuccos
a battle in which olympia xena melania and corilo take part ensues
whether there is smoke there going to be fire
where do they take all that money
emanuelle griffith is a model sough after by the world's biggest brands
she was the director of the national endowment for the arts
shia labeouf megan fox and peter cullen confirmed their participation
during the middle ages he carried out important spiritual functions for the inhabitants of the area
different states of existence are associated with different phases
the road to the diploma is not easy
anna eats a red very juicy apple
i am wandering around his house
this initiative concerns both the government organizations and the activities of all the governmental agencies
the first one to know about it is the grandfather without the need for the girl to confess
eventually they threw themselves in the water
the meeting between the two is totally led by werdum
even though in a few passages he could not be to look for involvement
it's imposed to society to allow the sellers the chance not to preinstall explorer
which will be transmitted via pec to the municipalities after compiling the monitoring data sheet
well done
it was during his job at rand corporation that he developed the concept of dynamic programming
and than the spirit doesn't involve flesh
it's located north west of the regional capital
it is about finding our power and taking a stand
he collected in total with the senior national team one presence
meanwhile two scammers are in the park conning people with fake jewelry
the popularization of anime in africa is recent history
it's sporadic in yemen togo gabon and in the democratic republic of congo
it is also present in the nile delta in egypt
they took place in ancona
norm whitaker read the article and created a team to further investigate the idea
he also attended a screenwriting workshop at the columbia university
the cheeks are greyish
they were used in the western front in africa in the middle east and in macedonia
and he meets virgil
the events concerning the robinsons went differently
the next morning the village was going to hear the bells ring in celebration
it is then decides to settle the dispute in shrewsbury
some gender show the lateral line split into two parts
as for sports achievements katherine rawls was the best athlete in the family
in that case the municipality operates through its own modified management system
it is an american western comedy starring yul brynner richard crenna and leonard nimoy
this person is one of the most appreciated british authors of the x x century
the movie was produced by victor adamson productions
this morning or in the early afternoon
you have a job interview and you must get your things and leave in a hurry
the top floors were reserved for dalmor
he has also been the author of several historical and political essays
one of the pioneer of american modern dance
the association has organized as well the first vegetarian congress at european level
the story has bee brought up by umberto eco in his novel baudolino
it is rarely so severe to justify a therapy
i say that she does not
in the mid fifties they moved to rome
from their fellow countryman fulton
he then concentrated on football after a short period of cycling
older patients and women are those affected more often
typical of the sixteenth and seventeenth centuries it is structurally and formally similar to the search
however the bond will grow further
this latter faces the younger sisters and sacrifices herself to allow her son to run away
between these adriano giuliana olimpia flavio and pantaleone
between the two rails there is a sidewalk once used for passenger traffic
the facade is animated by ogival openings
